ERROR: Failed to open log file for writing: user://logs/godot.log
   at: rotate_file (core/io/logger.cpp:169)
Godot Engine v4.7.2.stable.official.ed1daf0bf - https://godotengine.org

ERROR: Failed to read the root certificate store.
   at: get_system_ca_certificates (platform/windows/os_windows.cpp:2582)
ARMOUR COVER: glasswarden_female complete, 0 failures
ARMOUR COVER: glasswarden_male complete, 0 failures
ARMOUR COVER: greyhaven_female complete, 0 failures
ARMOUR COVER: greyhaven_male complete, 0 failures
ARMOUR COVER: luminous_female complete, 0 failures
ARMOUR COVER: luminous_male complete, 0 failures
ARMOUR COVER: mycelari_female complete, 0 failures
ARMOUR COVER: mycelari_male complete, 0 failures
ARMOUR COVER: orun_female complete, 0 failures
ARMOUR COVER: orun_male complete, 0 failures
ARMOUR COVER: ssarathi_female complete, 0 failures
ARMOUR COVER: ssarathi_male complete, 0 failures
ARMOUR COVER: stoneborn_female complete, 0 failures
ARMOUR COVER: stoneborn_male complete, 0 failures
ARMOUR COVER: votary_female complete, 0 failures
ARMOUR COVER: votary_male complete, 0 failures
ARMOUR COVER: 16 races, 528 transitions, 1144460 checks, 0 failures
WARNING: 231 ObjectDB instances were leaked at exit (run with `--verbose` for details).
   at: cleanup (core/object/object.cpp:2536)
