Godot Engine v4.7.2.stable.official.ed1daf0bf - https://godotengine.org
ERROR: Could not create editor data directory: C:/Users/User/AppData/Roaming/Godot
   at: EditorPaths (editor/file_system/editor_paths.cpp:201)
ERROR: Could not create editor config directory: C:/Users/User/AppData/Roaming/Godot
   at: EditorPaths (editor/file_system/editor_paths.cpp:216)
ERROR: Could not create editor cache directory: C:/Users/User/AppData/Local/Godot
   at: EditorPaths (editor/file_system/editor_paths.cpp:237)

ERROR: Cannot open file 'C:/Users/User/AppData/Local/Godot/editor_doc_cache-4.7.res'.
   at: load (core/io/resource_format_binary.cpp:1156)
ERROR: Failed to read the root certificate store.
ERROR: Failed loading resource: C:/Users/User/AppData/Local/Godot/editor_doc_cache-4.7.res.
   at: get_system_ca_certificates (platform/windows/os_windows.cpp:2582)
   at: _load (core/io/resource_loader.cpp:317)
ERROR: Could not open 'user://' directory: 'user://'.
   at: _get_and_create_snapshot_storage_dir (modules/objectdb_profiler/editor/objectdb_profiler_panel.cpp:157)
ERROR: Cannot open directory 'C:/Users/User/AppData/Roaming/Godot/feature_profiles'.
   at: _update_profile_list (editor/settings/editor_feature_profile.cpp:392)
[   0% ] [90m[1mfirst_scan_filesystem[22m | Started Project initialization (5 steps)[39m[0m
[   0% ] [90m[1mfirst_scan_filesystem[22m | Scanning file structure...[39m[0m
[  16% ] [90m[1mfirst_scan_filesystem[22m | Loading global class names...[39m[0m
ERROR: Cannot create file 'C:/Users/User/AppData/Local/Godot/editor_doc_cache-4.7.res'.
   at: save (core/io/resource_format_binary.cpp:2117)
ERROR: Cannot save editor help cache (C:/Users/User/AppData/Local/Godot/editor_doc_cache-4.7.res).
   at: _gen_doc_thread (editor/doc/editor_help.cpp:3071)
[  33% ] [90m[1mfirst_scan_filesystem[22m | Verifying GDExtensions...[39m[0m
[  50% ] [90m[1mfirst_scan_filesystem[22m | Creating autoload scripts...[39m[0m
[  66% ] [90m[1mfirst_scan_filesystem[22m | Initializing plugins...[39m[0m
[  83% ] [90m[1mfirst_scan_filesystem[22m | Starting file scan...[39m[0m
[92m[ DONE ][39m [1mfirst_scan_filesystem[22m
[0m
[   0% ] [90m[1m_update_scan_actions[22m | Started Scanning actions... (159 steps)[39m[0m
[   0% ] [90m[1m_update_scan_actions[22m | alchemical_hand_cannon_0.png[39m[0m
[   0% ] [90m[1m_update_scan_actions[22m | alchemist_cannon_0.png[39m[0m
[   1% ] [90m[1m_update_scan_actions[22m | amberwood_branch_bowblade_0.png[39m[0m
[   1% ] [90m[1m_update_scan_actions[22m | amberwood_forest_helm_01_0.png[39m[0m
[   2% ] [90m[1m_update_scan_actions[22m | amberwood_forest_helm_02_0.png[39m[0m
[   3% ] [90m[1m_update_scan_actions[22m | amberwood_forest_helm_03_0.png[39m[0m
[   3% ] [90m[1m_update_scan_actions[22m | amberwood_forest_helm_04_0.png[39m[0m
[   4% ] [90m[1m_update_scan_actions[22m | amberwood_forest_helm_05_0.png[39m[0m
[   5% ] [90m[1m_update_scan_actions[22m | amberwood_forest_helm_06_0.png[39m[0m
[   5% ] [90m[1m_update_scan_actions[22m | amberwood_forest_helm_07_0.png[39m[0m
[   6% ] [90m[1m_update_scan_actions[22m | amberwood_forest_helm_08_0.png[39m[0m
[   6% ] [90m[1m_update_scan_actions[22m | amberwood_leafblade_0.png[39m[0m
[   7% ] [90m[1m_update_scan_actions[22m | amberwood_living_bark_shield_0.png[39m[0m
[   8% ] [90m[1m_update_scan_actions[22m | amberwood_tomahawk_0.png[39m[0m
[   8% ] [90m[1m_update_scan_actions[22m | amberwood_woodland_boots_01_0.png[39m[0m
[   9% ] [90m[1m_update_scan_actions[22m | amberwood_woodland_boots_02_0.png[39m[0m
[  10% ] [90m[1m_update_scan_actions[22m | amberwood_woodland_boots_03_0.png[39m[0m
[  10% ] [90m[1m_update_scan_actions[22m | amberwood_woodland_boots_04_0.png[39m[0m
[  11% ] [90m[1m_update_scan_actions[22m | amberwood_woodland_boots_05_0.png[39m[0m
[  11% ] [90m[1m_update_scan_actions[22m | amberwood_woodland_boots_06_0.png[39m[0m
[  12% ] [90m[1m_update_scan_actions[22m | amberwood_woodland_boots_07_0.png[39m[0m
[  13% ] [90m[1m_update_scan_actions[22m | amberwood_woodland_boots_08_0.png[39m[0m
[  13% ] [90m[1m_update_scan_actions[22m | amberwood_woodland_cuirass_01_0.png[39m[0m
[  14% ] [90m[1m_update_scan_actions[22m | amberwood_woodland_cuirass_02_0.png[39m[0m
[  15% ] [90m[1m_update_scan_actions[22m | amberwood_woodland_cuirass_03_0.png[39m[0m
[  15% ] [90m[1m_update_scan_actions[22m | amberwood_woodland_cuirass_04_0.png[39m[0m
[  16% ] [90m[1m_update_scan_actions[22m | amberwood_woodland_cuirass_05_0.png[39m[0m
[  16% ] [90m[1m_update_scan_actions[22m | amberwood_woodland_cuirass_06_0.png[39m[0m
[  17% ] [90m[1m_update_scan_actions[22m | amberwood_woodland_cuirass_07_0.png[39m[0m
[  18% ] [90m[1m_update_scan_actions[22m | amberwood_woodland_cuirass_08_0.png[39m[0m
[  18% ] [90m[1m_update_scan_actions[22m | amberwood_woodland_legguards_01_0.png[39m[0m
[  19% ] [90m[1m_update_scan_actions[22m | amberwood_woodland_legguards_02_0.png[39m[0m
[  20% ] [90m[1m_update_scan_actions[22m | amberwood_woodland_legguards_03_0.png[39m[0m
[  20% ] [90m[1m_update_scan_actions[22m | amberwood_woodland_legguards_04_0.png[39m[0m
[  21% ] [90m[1m_update_scan_actions[22m | amberwood_woodland_legguards_05_0.png[39m[0m
[  21% ] [90m[1m_update_scan_actions[22m | amberwood_woodland_legguards_06_0.png[39m[0m
[  22% ] [90m[1m_update_scan_actions[22m | amberwood_woodland_legguards_07_0.png[39m[0m
[  23% ] [90m[1m_update_scan_actions[22m | amberwood_woodland_legguards_08_0.png[39m[0m
[  23% ] [90m[1m_update_scan_actions[22m | arcane_crystal_cudgel_0.png[39m[0m
[  24% ] [90m[1m_update_scan_actions[22m | arcane_crystal_shield_0.png[39m[0m
[  25% ] [90m[1m_update_scan_actions[22m | arcane_double_staff_0.png[39m[0m
[  25% ] [90m[1m_update_scan_actions[22m | arcane_ethereal_circlet_01_0.png[39m[0m
[  26% ] [90m[1m_update_scan_actions[22m | arcane_ethereal_circlet_02_0.png[39m[0m
[  26% ] [90m[1m_update_scan_actions[22m | arcane_ethereal_circlet_03_0.png[39m[0m
[  27% ] [90m[1m_update_scan_actions[22m | arcane_ethereal_circlet_04_0.png[39m[0m
[  28% ] [90m[1m_update_scan_actions[22m | arcane_ethereal_circlet_05_0.png[39m[0m
[  28% ] [90m[1m_update_scan_actions[22m | arcane_ethereal_circlet_06_0.png[39m[0m
[  29% ] [90m[1m_update_scan_actions[22m | arcane_ethereal_circlet_07_0.png[39m[0m
[  30% ] [90m[1m_update_scan_actions[22m | arcane_ethereal_circlet_08_0.png[39m[0m
[  30% ] [90m[1m_update_scan_actions[22m | arcane_fantasy_boots_01_0.png[39m[0m
[  31% ] [90m[1m_update_scan_actions[22m | arcane_fantasy_boots_02_0.png[39m[0m
[  31% ] [90m[1m_update_scan_actions[22m | arcane_fantasy_boots_03_0.png[39m[0m
[  32% ] [90m[1m_update_scan_actions[22m | arcane_fantasy_boots_04_0.png[39m[0m
[  33% ] [90m[1m_update_scan_actions[22m | arcane_fantasy_boots_05_0.png[39m[0m
[  33% ] [90m[1m_update_scan_actions[22m | arcane_fantasy_boots_06_0.png[39m[0m
[  34% ] [90m[1m_update_scan_actions[22m | arcane_fantasy_boots_07_0.png[39m[0m
[  35% ] [90m[1m_update_scan_actions[22m | arcane_fantasy_boots_08_0.png[39m[0m
[  35% ] [90m[1m_update_scan_actions[22m | arcane_flame_greatblade_0.png[39m[0m
[  36% ] [90m[1m_update_scan_actions[22m | arcane_focus_wand_0.png[39m[0m
[  36% ] [90m[1m_update_scan_actions[22m | arcane_leg_armor_01_0.png[39m[0m
[  37% ] [90m[1m_update_scan_actions[22m | arcane_leg_armor_02_0.png[39m[0m
[  38% ] [90m[1m_update_scan_actions[22m | arcane_leg_armor_03_0.png[39m[0m
[  38% ] [90m[1m_update_scan_actions[22m | arcane_leg_armor_04_0.png[39m[0m
[  39% ] [90m[1m_update_scan_actions[22m | arcane_leg_armor_05_0.png[39m[0m
[  40% ] [90m[1m_update_scan_actions[22m | arcane_leg_armor_06_0.png[39m[0m
[  40% ] [90m[1m_update_scan_actions[22m | arcane_leg_armor_07_0.png[39m[0m
[  41% ] [90m[1m_update_scan_actions[22m | arcane_leg_armor_08_0.png[39m[0m
[  41% ] [90m[1m_update_scan_actions[22m | bearded_raider_axe_0.png[39m[0m
[  42% ] [90m[1m_update_scan_actions[22m | blacksmith_maul_0.png[39m[0m
[  43% ] [90m[1m_update_scan_actions[22m | bladed_war_fans_0.png[39m[0m
[  43% ] [90m[1m_update_scan_actions[22m | ceremonial_knight_greaves_01_0.png[39m[0m
[  44% ] [90m[1m_update_scan_actions[22m | ceremonial_knight_greaves_02_0.png[39m[0m
[  45% ] [90m[1m_update_scan_actions[22m | ceremonial_knight_greaves_03_0.png[39m[0m
[  45% ] [90m[1m_update_scan_actions[22m | ceremonial_knight_greaves_04_0.png[39m[0m
[  46% ] [90m[1m_update_scan_actions[22m | chain_morningstar_0.png[39m[0m
[  46% ] [90m[1m_update_scan_actions[22m | chain_sickle_0.png[39m[0m
[  47% ] [90m[1m_update_scan_actions[22m | circular_ringblade_0.png[39m[0m
[  48% ] [90m[1m_update_scan_actions[22m | classic_halberd_0.png[39m[0m
[  48% ] [90m[1m_update_scan_actions[22m | clockwork_repeating_arbalest_0.png[39m[0m
[  49% ] [90m[1m_update_scan_actions[22m | clockwork_saw_lance_0.png[39m[0m
[  50% ] [90m[1m_update_scan_actions[22m | crescent_spellblade_sickle_0.png[39m[0m
[  50% ] [90m[1m_update_scan_actions[22m | crossbowmans_pavise_0.png[39m[0m
[  51% ] [90m[1m_update_scan_actions[22m | crystal_prism_staff_0.png[39m[0m
[  51% ] [90m[1m_update_scan_actions[22m | double_ended_twinblade_0.png[39m[0m
[  52% ] [90m[1m_update_scan_actions[22m | dragon_scale_shield_0.png[39m[0m
[  53% ] [90m[1m_update_scan_actions[22m | echo_bell_hammer_0.png[39m[0m
[  53% ] [90m[1m_update_scan_actions[22m | engraved_war_chakram_0.png[39m[0m
[  54% ] [90m[1m_update_scan_actions[22m | executioners_sword_0.png[39m[0m
[  55% ] [90m[1m_update_scan_actions[22m | fighting_quarterstaff_0.png[39m[0m
[  55% ] [90m[1m_update_scan_actions[22m | flamberge_zweihander_0.png[39m[0m
[  56% ] [90m[1m_update_scan_actions[22m | flanged_mace_0.png[39m[0m
[  56% ] [90m[1m_update_scan_actions[22m | folding_crescent_bow_0.png[39m[0m
[  57% ] [90m[1m_update_scan_actions[22m | forged_war_scythe_0.png[39m[0m
[  58% ] [90m[1m_update_scan_actions[22m | frontier_barricade_shield_0.png[39m[0m
[  58% ] [90m[1m_update_scan_actions[22m | frontier_cutlass_0.png[39m[0m
[  59% ] [90m[1m_update_scan_actions[22m | frontier_hand_crossbow_0.png[39m[0m
[  60% ] [90m[1m_update_scan_actions[22m | frontier_voulge_0.png[39m[0m
[  60% ] [90m[1m_update_scan_actions[22m | gladius_0.png[39m[0m
[  61% ] [90m[1m_update_scan_actions[22m | gravity_anchor_weapon_0.png[39m[0m
[  61% ] [90m[1m_update_scan_actions[22m | heavy_boar_spear_0.png[39m[0m
[  62% ] [90m[1m_update_scan_actions[22m | heavy_falchion_0.png[39m[0m
[  63% ] [90m[1m_update_scan_actions[22m | highland_claymore_0.png[39m[0m
[  63% ] [90m[1m_update_scan_actions[22m | hooked_dueling_spear_0.png[39m[0m
[  64% ] [90m[1m_update_scan_actions[22m | ice_crystal_shield_0.png[39m[0m
[  65% ] [90m[1m_update_scan_actions[22m | iron_sledgehammer_0.png[39m[0m
[  65% ] [90m[1m_update_scan_actions[22m | knightly_battle_axe_0.png[39m[0m
[  66% ] [90m[1m_update_scan_actions[22m | knightly_boar_spear_0.png[39m[0m
[  66% ] [90m[1m_update_scan_actions[22m | knightly_cavalry_sword_0.png[39m[0m
[  67% ] [90m[1m_update_scan_actions[22m | knightly_greatsword_0.png[39m[0m
[  68% ] [90m[1m_update_scan_actions[22m | knightly_great_maul_0.png[39m[0m
[  68% ] [90m[1m_update_scan_actions[22m | knightly_lion_shield_0.png[39m[0m
[  69% ] [90m[1m_update_scan_actions[22m | knightly_poleaxe_0.png[39m[0m
[  70% ] [90m[1m_update_scan_actions[22m | knightly_relic_banner_spear_0.png[39m[0m
[  70% ] [90m[1m_update_scan_actions[22m | lantern_flail_0.png[39m[0m
[  71% ] [90m[1m_update_scan_actions[22m | legionary_scutum_0.png[39m[0m
[  71% ] [90m[1m_update_scan_actions[22m | living_vine_bow_0.png[39m[0m
[  72% ] [90m[1m_update_scan_actions[22m | long_dueling_shield_0.png[39m[0m
[  73% ] [90m[1m_update_scan_actions[22m | lucerne_hammer_0.png[39m[0m
[  73% ] [90m[1m_update_scan_actions[22m | mariners_trident_0.png[39m[0m
[  74% ] [90m[1m_update_scan_actions[22m | mechanical_lantern_shield_0.png[39m[0m
[  75% ] [90m[1m_update_scan_actions[22m | militia_arming_sword_0.png[39m[0m
[  75% ] [90m[1m_update_scan_actions[22m | militia_pike_0.png[39m[0m
[  76% ] [90m[1m_update_scan_actions[22m | militia_short_spear_0.png[39m[0m
[  76% ] [90m[1m_update_scan_actions[22m | molten_forge_shield_0.png[39m[0m
[  77% ] [90m[1m_update_scan_actions[22m | norman_kite_shield_0.png[39m[0m
[  78% ] [90m[1m_update_scan_actions[22m | parrying_buckler_0.png[39m[0m
[  78% ] [90m[1m_update_scan_actions[22m | phoenix_feather_spear_0.png[39m[0m
[  79% ] [90m[1m_update_scan_actions[22m | polarity_war_hammer_0.png[39m[0m
[  80% ] [90m[1m_update_scan_actions[22m | polished_mirror_shield_0.png[39m[0m
[  80% ] [90m[1m_update_scan_actions[22m | radiant_sun_disc_chakram_0.png[39m[0m
[  81% ] [90m[1m_update_scan_actions[22m | rectangular_tower_shield_0.png[39m[0m
[  81% ] [90m[1m_update_scan_actions[22m | reinforced_highland_targe_0.png[39m[0m
[  82% ] [90m[1m_update_scan_actions[22m | ring_guard_parrying_dagger_0.png[39m[0m
[  83% ] [90m[1m_update_scan_actions[22m | rondel_dagger_0.png[39m[0m
[  83% ] [90m[1m_update_scan_actions[22m | rune_battle_gauntlet_0.png[39m[0m
[  84% ] [90m[1m_update_scan_actions[22m | segmented_whip_sword_0.png[39m[0m
[  85% ] [90m[1m_update_scan_actions[22m | serpent_coil_whip_0.png[39m[0m
[  85% ] [90m[1m_update_scan_actions[22m | siege_great_crossbow_0.png[39m[0m
[  86% ] [90m[1m_update_scan_actions[22m | single_edged_glaive_0.png[39m[0m
[  86% ] [90m[1m_update_scan_actions[22m | steel_rimmed_heater_shield_0.png[39m[0m
[  87% ] [90m[1m_update_scan_actions[22m | steppe_bardiche_0.png[39m[0m
[  88% ] [90m[1m_update_scan_actions[22m | stormglass_shield_spear_0.png[39m[0m
[  88% ] [90m[1m_update_scan_actions[22m | storm_tuning_fork_spear_0.png[39m[0m
[  89% ] [90m[1m_update_scan_actions[22m | studded_frontier_club_0.png[39m[0m
[  90% ] [90m[1m_update_scan_actions[22m | sunmane_crescent_axe_0.png[39m[0m
[  90% ] [90m[1m_update_scan_actions[22m | sunmane_hide_bronze_shield_0.png[39m[0m
[  91% ] [90m[1m_update_scan_actions[22m | sunmane_recurve_bow_0.png[39m[0m
[  91% ] [90m[1m_update_scan_actions[22m | sunmane_steppe_saber_0.png[39m[0m
[  92% ] [90m[1m_update_scan_actions[22m | sunmane_twin_crescent_glaive_0.png[39m[0m
[  93% ] [90m[1m_update_scan_actions[22m | swept_hilt_rapier_0.png[39m[0m
[  93% ] [90m[1m_update_scan_actions[22m | thorned_root_shield_0.png[39m[0m
[  94% ] [90m[1m_update_scan_actions[22m | three_pronged_ranseur_0.png[39m[0m
[  95% ] [90m[1m_update_scan_actions[22m | throwing_javelin_0.png[39m[0m
[  95% ] [90m[1m_update_scan_actions[22m | throwing_knife_fan_0.png[39m[0m
[  96% ] [90m[1m_update_scan_actions[22m | void_glass_greatblade_0.png[39m[0m
[  96% ] [90m[1m_update_scan_actions[22m | war_hammer_0.png[39m[0m
[  97% ] [90m[1m_update_scan_actions[22m | winged_partisan_0.png[39m[0m
[  98% ] [90m[1m_update_scan_actions[22m | wooden_round_shield_0.png[39m[0m
[  98% ] [90m[1m_update_scan_actions[22m | woodsmans_hatchet_0.png[39m[0m
[92m[ DONE ][39m [1m_update_scan_actions[22m
[0m
[   0% ] [90m[1mloading_editor_layout[22m | Started Loading editor (5 steps)[39m[0m
[   0% ] [90m[1mloading_editor_layout[22m | Loading editor layout...[39m[0m
[  16% ] [90m[1mloading_editor_layout[22m | Loading docks...[39m[0m
[92m[ DONE ][39m [1mloading_editor_layout[22m
[0m
WARNING: res://src/app/main.tscn:3 - ext_resource, invalid UID: uid://dbhj8rl6i8dyi - using text path instead: res://src/app/main.gd
   at: load (scene/resources/resource_format_text.cpp:501)
WARNING: res://src/app/main.tscn:4 - ext_resource, invalid UID: uid://dbpi40yl6pryr - using text path instead: res://src/camera/isometric_camera_controller.gd
   at: load (scene/resources/resource_format_text.cpp:501)
WARNING: res://src/app/main.tscn:5 - ext_resource, invalid UID: uid://dqdcovlp0tml2 - using text path instead: res://src/world/world_loader.gd
   at: load (scene/resources/resource_format_text.cpp:501)
ERROR: Can't save resource to empty path. Provide non-empty path or a Resource with non-empty resource_path.
   at: save (core/io/resource_saver.cpp:108)
ERROR: Error saving editor settings to 
   at: save (editor/settings/editor_settings.cpp:1525)
